('global_int_*', '@operation')
('global_string', '@.str.0', ' + ')
('global_string', '@.str.1', ' = ')
('global_string', '@.str.2', ', ')
('global_string', '@.str.3', ' - ')
('global_string', '@.str.4', ' = ')
('define', '@add')
('alloc_int', '%3')
('alloc_int', '%4')
('store_int', '%0', '%3')
('store_int', '%1', '%4')
('load_int', '%3', '%6')
('load_int', '%4', '%7')
('add_int', '%6', '%7', '%8')
('store_int', '%8', '%2')
('jump', '%5')
('5',)
('load_int', '%2', '%9')
('return_int', '%9')
('define', '@subtract')
('alloc_int', '%3')
('alloc_int', '%4')
('store_int', '%0', '%3')
('store_int', '%1', '%4')
('load_int', '%3', '%6')
('load_int', '%4', '%7')
('sub_int', '%6', '%7', '%8')
('store_int', '%8', '%2')
('jump', '%5')
('5',)
('load_int', '%2', '%9')
('return_int', '%9')
('define', '@main')
('alloc_int', '%2')
('alloc_int', '%3')
('read_int', '%4')
('store_int', '%4', '%2')
('read_int', '%5')
('store_int', '%5', '%3')
('get_int_*', '@add', '@operation')
('load_int', '%2', '%6')
('print_int', '%6')
('print_string', '@.str.0')
('load_int', '%3', '%7')
('print_int', '%7')
('print_string', '@.str.1')
('load_int', '%2', '%8')
('load_int', '%3', '%9')
('param_int', '%8')
('param_int', '%9')
('load_int_*', '@operation', '%10')
('call', '%10', '%11')
('print_int', '%11')
('print_string', '@.str.2')
('get_int_*', '@subtract', '@operation')
('load_int', '%2', '%12')
('print_int', '%12')
('print_string', '@.str.3')
('load_int', '%3', '%13')
('print_int', '%13')
('print_string', '@.str.4')
('load_int', '%2', '%14')
('load_int', '%3', '%15')
('param_int', '%14')
('param_int', '%15')
('load_int_*', '@operation', '%16')
('call', '%16', '%17')
('print_int', '%17')
('literal_int', 0, '%18')
('store_int', '%18', '%0')
('jump', '%1')
('1',)
('load_int', '%0', '%19')
('return_int', '%19')
