('global_float_3', '@.str.0', [1.0, 2.5, 5.0])
('global_string', '@.str.1', 'xpto')
('global_int_6_2', '@.str.2', [[1, 3], [2, 6], [3, 9]])
('global_string', '@.str.3', 'Isto Ã© um teste: ')
('define', '@main')
('alloc_float_3', '%2')
('alloc_char_4', '%3')
('alloc_int_6_2', '%4')
('alloc_int', '%5')
('alloc_int', '%6')
('store_float_3', '@.str.0', '%2')
('store_char_4', '@.str.1', '%3')
('store_int_6_2', '@.str.2', '%4')
('literal_int', 1, '%7')
('store_int', '%7', '%5')
('literal_int', 0, '%8')
('store_int', '%8', '%6')
('print_string', '@.str.3')
('literal_int', 2, '%9')
('load_int', '%6', '%10')
('add_int', '%10', '%9', '%11')
('elem_char', '%3', '%11', '%12')
('load_char_*', '%12', '%13')
('print_char', '%13')
('load_int', '%5', '%14')
('elem_float', '%2', '%14', '%15')
('load_float_*', '%15', '%16')
('print_float', '%16')
('literal_int', 2, '%17')
('load_int', '%5', '%18')
('mul_int', '%17', '%18', '%19')
('load_int', '%6', '%20')
('add_int', '%19', '%20', '%21')
('elem_int', '%4', '%21', '%22')
('load_int_*', '%22', '%23')
('print_int', '%23')
('literal_int', 0, '%24')
('store_int', '%24', '%0')
('jump', '%1')
('1',)
('load_int', '%0', '%25')
('return_int', '%25')
