('global_string', '@.str.0', 'Enter number of elements: ')
('global_string', '@.str.1', 'Enter ')
('global_string', '@.str.2', ' integers: ')
('global_string', '@.str.3', 'Sorted list in ascending order: ')
('global_string', '@.str.4', ' ')
('define', '@main')
('alloc_int_100', '%2')
('alloc_int', '%3')
('alloc_int', '%4')
('alloc_int', '%5')
('alloc_int', '%6')
('print_string', '@.str.0')
('read_int', '%7')
('store_int', '%7', '%3')
('print_string', '@.str.1')
('load_int', '%3', '%8')
('print_int', '%8')
('print_string', '@.str.2')
('literal_int', 0, '%12')
('store_int', '%12', '%4')
('9',)
('load_int', '%4', '%13')
('load_int', '%3', '%14')
('lt_int', '%13', '%14', '%15')
('cbranch', '%15', '%10', '%11')
('10',)
('load_int', '%4', '%16')
('elem_int', '%2', '%16', '%17')
('read_int', '%18')
('store_int_*', '%18', '%17')
('load_int', '%4', '%19')
('literal_int', 1, '%20')
('add_int', '%19', '%20', '%21')
('store_int', '%21', '%4')
('jump', '%9')
('11',)
('literal_int', 0, '%25')
('store_int', '%25', '%4')
('22',)
('literal_int', 1, '%26')
('load_int', '%3', '%27')
('sub_int', '%27', '%26', '%28')
('load_int', '%4', '%29')
('lt_int', '%29', '%28', '%30')
('cbranch', '%30', '%23', '%24')
('23',)
('literal_int', 0, '%34')
('store_int', '%34', '%5')
('31',)
('load_int', '%3', '%35')
('load_int', '%4', '%36')
('sub_int', '%35', '%36', '%37')
('literal_int', 1, '%38')
('sub_int', '%37', '%38', '%39')
('load_int', '%5', '%40')
('lt_int', '%40', '%39', '%41')
('cbranch', '%41', '%32', '%33')
('32',)
('load_int', '%5', '%45')
('elem_int', '%2', '%45', '%46')
('literal_int', 1, '%47')
('load_int', '%5', '%48')
('add_int', '%48', '%47', '%49')
('elem_int', '%2', '%49', '%50')
('load_int_*', '%46', '%51')
('load_int_*', '%50', '%52')
('gt_int', '%51', '%52', '%53')
('cbranch', '%53', '%42', '%43')
('42',)
('load_int', '%5', '%54')
('elem_int', '%2', '%54', '%55')
('load_int_*', '%55', '%56')
('store_int', '%56', '%6')
('literal_int', 1, '%57')
('load_int', '%5', '%58')
('add_int', '%58', '%57', '%59')
('elem_int', '%2', '%59', '%60')
('load_int_*', '%60', '%61')
('load_int', '%5', '%62')
('elem_int', '%2', '%62', '%63')
('store_int_*', '%61', '%63')
('load_int', '%6', '%64')
('literal_int', 1, '%65')
('load_int', '%5', '%66')
('add_int', '%66', '%65', '%67')
('elem_int', '%2', '%67', '%68')
('store_int_*', '%64', '%68')
('43',)
('load_int', '%5', '%69')
('literal_int', 1, '%70')
('add_int', '%69', '%70', '%71')
('store_int', '%71', '%5')
('jump', '%31')
('33',)
('load_int', '%4', '%72')
('literal_int', 1, '%73')
('add_int', '%72', '%73', '%74')
('store_int', '%74', '%4')
('jump', '%22')
('24',)
('print_string', '@.str.3')
('literal_int', 0, '%78')
('store_int', '%78', '%4')
('75',)
('load_int', '%4', '%79')
('load_int', '%3', '%80')
('lt_int', '%79', '%80', '%81')
('cbranch', '%81', '%76', '%77')
('76',)
('load_int', '%4', '%82')
('elem_int', '%2', '%82', '%83')
('load_int_*', '%83', '%84')
('print_int', '%84')
('print_string', '@.str.4')
('load_int', '%4', '%85')
('literal_int', 1, '%86')
('add_int', '%85', '%86', '%87')
('store_int', '%87', '%4')
('jump', '%75')
('77',)
('literal_int', 0, '%88')
('store_int', '%88', '%0')
('jump', '%1')
('1',)
('load_int', '%0', '%89')
('return_int', '%89')
