('global_string', '@.str.0', 'assertion_fail on 7:12')
('define', '@main')
('alloc_int', '%2')
('alloc_int', '%3')
('alloc_int', '%4')
('literal_int', 1, '%5')
('store_int', '%5', '%2')
('literal_int', 2, '%6')
('store_int', '%6', '%3')
('literal_int', 1, '%10')
('store_int', '%10', '%4')
('7',)
('literal_int', 10, '%11')
('load_int', '%4', '%12')
('lt_int', '%12', '%11', '%13')
('cbranch', '%13', '%8', '%9')
('8',)
('load_int', '%3', '%14')
('load_int', '%4', '%15')
('mul_int', '%14', '%15', '%16')
('load_int', '%2', '%17')
('add_int', '%16', '%17', '%18')
('store_int', '%18', '%2')
('load_int', '%4', '%19')
('literal_int', 1, '%20')
('add_int', '%19', '%20', '%21')
('store_int', '%21', '%4')
('jump', '%7')
('9',)
('literal_int', 91, '%22')
('load_int', '%2', '%23')
('eq_int', '%23', '%22', '%24')
('cbranch', '%24', '%25', '%26')
('25',)
('jump', '%27')
('26',)
('print_string', '@.str.0')
('jump', '%1')
('27',)
('literal_int', 0, '%28')
('store_int', '%28', '%0')
('jump', '%1')
('1',)
('load_int', '%0', '%29')
('return_int', '%29')
