('global_string', '@.str.0', 'assertion_fail on 5:12')
('define', '@main')
('alloc_int', '%2')
('alloc_int', '%3')
('alloc_int', '%4')
('literal_int', 2, '%5')
('store_int', '%5', '%2')
('load_int', '%2', '%6')
('literal_int', 1, '%7')
('add_int', '%6', '%7', '%8')
('store_int', '%8', '%2')
('store_int', '%8', '%3')
('load_int', '%2', '%9')
('literal_int', 1, '%10')
('add_int', '%9', '%10', '%11')
('store_int', '%11', '%2')
('store_int', '%9', '%4')
('literal_int', 4, '%12')
('load_int', '%2', '%13')
('eq_int', '%13', '%12', '%14')
('load_int', '%3', '%15')
('load_int', '%4', '%16')
('eq_int', '%15', '%16', '%17')
('and_bool', '%14', '%17', '%18')
('cbranch', '%18', '%19', '%20')
('19',)
('jump', '%21')
('20',)
('print_string', '@.str.0')
('jump', '%1')
('21',)
('literal_int', 1, '%22')
('store_int', '%22', '%0')
('jump', '%1')
('1',)
('load_int', '%0', '%23')
('return_int', '%23')
