define_int @main 
entry:
  alloc_int %1 
  alloc_int %x 
  alloc_int %y 
  alloc_int_* %r 
  get_int_* %x %r 
  load_int %y %2 
  store_int_* %2 %r 
  load_int_* %r %3 
  store_int %3 %x 
  literal_int 1 %4 
  store_int %4 %1 
  jump label %exit
exit:
  load_int %1 %5 
  return_int %5
