('define', '@main')
('alloc_int', '%2')
('alloc_int', '%3')
('alloc_int_*', '%4')
('alloc_int_5', '%5')
('load_int', '%3', '%6')
('elem_int', '%5', '%6', '%7')
('get_int_*', '%7', '%4')
('load_int', '%3', '%8')
('elem_int', '%5', '%8', '%9')
('load_int_*', '%9', '%10')
('store_int', '%10', '%2')
('load_int', '%2', '%11')
('load_int', '%3', '%12')
('add_int', '%11', '%12', '%13')
('load_int', '%2', '%14')
('elem_int', '%5', '%14', '%15')
('store_int_*', '%13', '%15')
('jump', '%1')
('1',)
('return_void',)
