define_int @main 
entry:
  alloc_int %1 
  alloc_int %i 
  alloc_int %j 
  alloc_int %k 
  literal_int 1 %3 
  literal_int 0 %4 
  sub_int %4 %3 %5 
  store_int %5 %k 
  read_int %j 
  load_int %j %6 
  literal_int 0 %7 
  sub_int %7 %6 %8 
  store_int %8 %i 
  load_int %j %11 
  load_int %k %12 
  eq_int %11 %12 %13 
  not_bool %13 %14 
  cbranch %14 label %9 label %10
9:
  literal_int 0 %15 
  store_int %15 %i 
10:
  load_int %i %16 
  store_int %16 %1 
  jump label %2
2:
  load_int %1 %17 
  return_int %17
