('define', '@main')
('alloc_int', '%2')
('alloc_int', '%3')
('alloc_float', '%4')
('literal_int', 3, '%5')
('store_int', '%5', '%3')
('literal_float', 4.5, '%6')
('store_float', '%6', '%4')
('literal_int', 5, '%7')
('load_int', '%3', '%8')
('add_int', '%8', '%7', '%9')
('store_int', '%9', '%2')
('load_int', '%2', '%10')
('sitofp', '%10', '%11')
('store_float', '%11', '%4')
('load_float', '%4', '%12')
('fptosi', '%12', '%13')
('store_int', '%13', '%3')
('literal_int', 0, '%14')
('store_int', '%14', '%0')
('jump', '%1')
('1',)
('load_int', '%0', '%15')
('return_int', '%15')
