('global_int', '@n', 3)
('global_string', '@.str.0', 'assertion_fail on 10:12')
('define', '@doubleMe')
('alloc_int', '%2')
('store_int', '%0', '%2')
('load_int', '%2', '%4')
('load_int', '%2', '%5')
('mul_int', '%4', '%5', '%6')
('store_int', '%6', '%1')
('jump', '%3')
('3',)
('load_int', '%1', '%7')
('return_int', '%7')
('define', '@main')
('alloc_int', '%2')
('load_int', '@n', '%3')
('store_int', '%3', '%2')
('load_int', '%2', '%4')
('param_int', '%4')
('call', '@doubleMe', '%5')
('store_int', '%5', '%2')
('load_int', '@n', '%6')
('load_int', '@n', '%7')
('mul_int', '%6', '%7', '%8')
('load_int', '%2', '%9')
('eq_int', '%9', '%8', '%10')
('cbranch', '%10', '%11', '%12')
('11',)
('jump', '%13')
('12',)
('print_string', '@.str.0')
('jump', '%1')
('13',)
('jump', '%1')
('1',)
('return_void',)
